../Core/Src/main.c:91:5:main	8	static
../Core/Src/main.c:143:6:SystemClock_Config	96	static
../Core/Src/main.c:195:13:MX_I2C1_Init	8	static
../Core/Src/main.c:243:13:MX_SAI1_Init	8	static
../Core/Src/main.c:296:13:MX_SDMMC1_SD_Init	8	static
../Core/Src/main.c:328:13:MX_SPI2_Init	8	static
../Core/Src/main.c:368:13:MX_TIM1_Init	40	static
../Core/Src/main.c:415:13:MX_USART2_UART_Init	8	static
../Core/Src/main.c:463:13:MX_USART3_UART_Init	8	static
../Core/Src/main.c:511:13:MX_USB_OTG_FS_PCD_Init	8	static
../Core/Src/main.c:542:13:MX_FMC_Init	40	static
../Core/Src/main.c:602:13:MX_GPIO_Init	64	static
../Core/Src/main.c:826:6:delay_us	16	static
../Core/Src/main.c:831:6:setPinOutput	40	static
../Core/Src/main.c:839:6:setPinInput	40	static
../Core/Src/main.c:853:6:Error_Handler	4	static,ignoring_inline_asm
