../Core/Src/stm32l4xx_hal_msp.c:64:6:HAL_MspInit	16	static
../Core/Src/stm32l4xx_hal_msp.c:86:6:HAL_I2C_MspInit	208	static
../Core/Src/stm32l4xx_hal_msp.c:141:6:HAL_I2C_MspDeInit	16	static
../Core/Src/stm32l4xx_hal_msp.c:172:6:HAL_SD_MspInit	208	static
../Core/Src/stm32l4xx_hal_msp.c:232:6:HAL_SD_MspDeInit	16	static
../Core/Src/stm32l4xx_hal_msp.c:268:6:HAL_SPI_MspInit	48	static
../Core/Src/stm32l4xx_hal_msp.c:314:6:HAL_SPI_MspDeInit	16	static
../Core/Src/stm32l4xx_hal_msp.c:347:6:HAL_TIM_Base_MspInit	24	static
../Core/Src/stm32l4xx_hal_msp.c:369:6:HAL_TIM_Base_MspDeInit	16	static
../Core/Src/stm32l4xx_hal_msp.c:391:6:HAL_UART_MspInit	216	static
../Core/Src/stm32l4xx_hal_msp.c:481:6:HAL_UART_MspDeInit	16	static
../Core/Src/stm32l4xx_hal_msp.c:531:6:HAL_PCD_MspInit	208	static
../Core/Src/stm32l4xx_hal_msp.c:596:6:HAL_PCD_MspDeInit	24	static
../Core/Src/stm32l4xx_hal_msp.c:634:13:HAL_FMC_MspInit	32	static
../Core/Src/stm32l4xx_hal_msp.c:743:6:HAL_SRAM_MspInit	16	static
../Core/Src/stm32l4xx_hal_msp.c:755:13:HAL_FMC_MspDeInit	8	static
../Core/Src/stm32l4xx_hal_msp.c:837:6:HAL_SRAM_MspDeInit	16	static
../Core/Src/stm32l4xx_hal_msp.c:849:6:HAL_SAI_MspInit	200	static
../Core/Src/stm32l4xx_hal_msp.c:905:6:HAL_SAI_MspDeInit	16	static
